int(42)
int(104)
bool(true)
string(14) "15 / secret 10"
int(44)
array(3) {
  [0]=>
  int(4)
  [1]=>
  int(9)
  [2]=>
  int(16)
}
int(8575)
DomainException: inside 3
coerced
refused: a closure capturing by reference cannot be transferred between threads (at callable)
result: a Closure cannot be transferred between threads (at result)
capture: an object backed by a native handle cannot be transferred between threads (at closure[$pdo])
args: a Closure cannot be transferred between threads (at args[0])
int(42)
int(3)
string(5) "there"
string(4) "bare"
array(3) {
  [0]=>
  bool(true)
  [1]=>
  bool(true)
  [2]=>
  string(3) "cyc"
}
bool(true)
int(2)
stream: a resource cannot be transferred between threads (at args[0][log])
int(5)
end
